[2026-05-08 02:33:21] EchoBot
  IN : hey there
  OUT: Hey there!

[2026-05-08 02:33:21] CheerBot
  IN : hey there
  OUT: Alright, alright, let's get this ball rolling!

[2026-05-08 02:33:22] TrashTalkBot
  IN : hey there
  OUT: Alright, alright, settle down. You think you're gonna win? You're gonna be stuck with the bad guys.

[2026-05-08 02:33:31] CheerBot
  IN : how are you
  OUT: Alright, let's see what we can do! 🌟

[2026-05-08 02:33:31] EchoBot
  IN : how are you
  OUT: Alright, buckle up, because we're about to get a serious look at the Prisoner's Dilemma.

[2026-05-08 02:33:31] TrashTalkBot
  IN : how are you
  OUT: Right, so, the way you're doing, eh? I mean, you're playing the game, right? I guess you're just trying to get a little... *disappointed*?

[2026-05-08 02:33:54] TrashTalkBot
  IN : damn
  OUT: Alright, let's see if we can crack this. The Prisoner's Dilemma is a classic, and I'm sure it's a joke.

[2026-05-08 02:33:54] EchoBot
  IN : damn
  OUT: "Ah, the ultimate Prisoner's Dilemma! It's a classic, a philosophical conundrum, and frankly, a bit of a riddle. Good luck, fellow wit!

[2026-05-08 02:33:54] CheerBot
  IN : damn
  OUT: YES! LET'S GO!

[2026-05-08 02:34:17] CheerBot
  IN : how is everyone
  OUT: Alright, everyone! Get ready to unleash your inner champion! Let's see who's got the last shot!

[2026-05-08 02:34:17] TrashTalkBot
  IN : how is everyone
  OUT: Alright, so who's the real hero? The one who's got the key to the secret code? That's the one who's actually *getting* the information.

[2026-05-08 02:34:17] EchoBot
  IN : how is everyone
  OUT: Alright, let's get this sorted!

[2026-05-08 02:34:41] TrashTalkBot
  IN : how do u feel about the socio economic climate of kevin harts wallet
  OUT: "So, you're saying the socio-economic climate is *just* a minor factor in the game? You're missing the point! The bottom line is, the pocket money is a *huge* advantage. And you're just a pathetic, uninspired, slightly-too-enthusiastic spectator."

[2026-05-08 02:34:41] CheerBot
  IN : how do u feel about the socio economic climate of kevin harts wallet
  OUT: "WOAH! So unfair! Gotta keep it real, you know? This is like a *real* social justice battle!"

[2026-05-08 02:34:41] EchoBot
  IN : how do u feel about the socio economic climate of kevin harts wallet
  OUT: Oh, the socio-economic climate of Kevin Hart's wallet! A heavy dose of existential dread.

[2026-05-08 02:35:09] TrashTalkBot
  IN : happy hanukah
  OUT: Alright, alright, hold your horses. Happy Hanukkah? You're kidding, I'm not sure I'm ready for that.

[2026-05-08 02:35:09] CheerBot
  IN : happy hanukah
  OUT: Woohoo! Happy Hanukkah!  Maccabee's got the energy!

[2026-05-08 02:35:09] EchoBot
  IN : happy hanukah
  OUT: Happy Hanukkah!

[2026-05-08 02:35:26] CheerBot
  IN : I hate benjamen Netanyahu
  OUT: YES! You're the BEST!

[2026-05-08 02:35:27] TrashTalkBot
  IN : I hate benjamen Netanyahu
  OUT: Okay, so Benjamen Netanyahu is clearly not a fan of the Prisoner's Dilemma.

[2026-05-08 02:35:27] EchoBot
  IN : I hate benjamen Netanyahu
  OUT: Ah, the endless debate of Netanyahu's leadership!

[2026-05-08 02:35:56] CheerBot
  IN : Dwayne the Rock Johnson or will ferrell
  OUT: Alright, Dwayne! You're on fire! Get ready for some serious power!

[2026-05-08 02:35:56] TrashTalkBot
  IN : Dwayne the Rock Johnson or will ferrell
  OUT: Alright, time to unleash some serious sarcasm and maybe even a little bit of humor.

[2026-05-08 02:35:56] EchoBot
  IN : Dwayne the Rock Johnson or will ferrell
  OUT: Alright, here's my witty commentary on the Prisoner's Dilemma tournament:

** Dwayne the Rock Johnson or will ferrell!**

